2021-07-23T01:08:04.9745335Z Found online and idle hosted runner(s) in the current repository's organization account that matches the required labels: 'ubuntu-latest'
2021-07-23T01:08:04.9745399Z Waiting for a hosted runner in 'organization' to pick this job...
2021-07-23T01:08:12.9716726Z Current runner version: '2.278.0'
2021-07-23T01:08:12.9747185Z ##[group]Operating System
2021-07-23T01:08:12.9748469Z Ubuntu
2021-07-23T01:08:12.9748949Z 20.04.2
2021-07-23T01:08:12.9749364Z LTS
2021-07-23T01:08:12.9749864Z ##[endgroup]
2021-07-23T01:08:12.9750408Z ##[group]Virtual Environment
2021-07-23T01:08:12.9751396Z Environment: ubuntu-20.04
2021-07-23T01:08:12.9752123Z Version: 20210718.1
2021-07-23T01:08:12.9753169Z Included Software: https://github.com/actions/virtual-environments/blob/ubuntu20/20210718.1/images/linux/Ubuntu2004-README.md
2021-07-23T01:08:12.9754799Z Image Release: https://github.com/actions/virtual-environments/releases/tag/ubuntu20%2F20210718.1
2021-07-23T01:08:12.9755983Z ##[endgroup]
2021-07-23T01:08:12.9758120Z ##[group]GITHUB_TOKEN Permissions
2021-07-23T01:08:12.9759543Z Actions: write
2021-07-23T01:08:12.9760067Z Checks: write
2021-07-23T01:08:12.9760645Z Contents: write
2021-07-23T01:08:12.9761234Z Deployments: write
2021-07-23T01:08:12.9761938Z Discussions: write
2021-07-23T01:08:12.9762542Z Issues: write
2021-07-23T01:08:12.9763110Z Metadata: read
2021-07-23T01:08:12.9763826Z Packages: write
2021-07-23T01:08:12.9764482Z PullRequests: write
2021-07-23T01:08:12.9765144Z RepositoryProjects: write
2021-07-23T01:08:12.9765871Z SecurityEvents: write
2021-07-23T01:08:12.9766606Z Statuses: write
2021-07-23T01:08:12.9767305Z ##[endgroup]
2021-07-23T01:08:12.9770848Z Prepare workflow directory
2021-07-23T01:08:13.0438788Z Prepare all required actions
2021-07-23T01:08:13.0451643Z Getting action download info
2021-07-23T01:08:13.4434094Z Download action repository 'actions/setup-go@v2'
2021-07-23T01:08:15.5045943Z Download action repository 'actions/checkout@v2'
2021-07-23T01:08:15.9028039Z Download action repository 'actions/upload-artifact@v2'
2021-07-23T01:08:16.5020698Z ##[group]Run actions/setup-go@v2
2021-07-23T01:08:16.5021683Z with:
2021-07-23T01:08:16.5022367Z   go-version: 1.16.x
2021-07-23T01:08:16.5023359Z   stable: true
2021-07-23T01:08:16.5024427Z   token: ***
2021-07-23T01:08:16.5024988Z ##[endgroup]
2021-07-23T01:08:16.9024042Z Setup go stable version spec 1.16.x
2021-07-23T01:08:16.9086805Z Found in cache @ /opt/hostedtoolcache/go/1.16.6/x64
2021-07-23T01:08:16.9087620Z Added go to the path
2021-07-23T01:08:16.9088598Z Successfully setup go version 1.16.x
2021-07-23T01:08:16.9366569Z go version go1.16.6 linux/amd64
2021-07-23T01:08:16.9377632Z 
2021-07-23T01:08:16.9378475Z ##[group]go env
2021-07-23T01:08:16.9378883Z GO111MODULE=""
2021-07-23T01:08:16.9379250Z GOARCH="amd64"
2021-07-23T01:08:16.9379595Z GOBIN=""
2021-07-23T01:08:16.9380655Z GOCACHE="/home/runner/.cache/go-build"
2021-07-23T01:08:16.9381366Z GOENV="/home/runner/.config/go/env"
2021-07-23T01:08:16.9382169Z GOEXE=""
2021-07-23T01:08:16.9382650Z GOFLAGS=""
2021-07-23T01:08:16.9383250Z GOHOSTARCH="amd64"
2021-07-23T01:08:16.9383826Z GOHOSTOS="linux"
2021-07-23T01:08:16.9384341Z GOINSECURE=""
2021-07-23T01:08:16.9385262Z GOMODCACHE="/home/runner/go/pkg/mod"
2021-07-23T01:08:16.9385921Z GONOPROXY=""
2021-07-23T01:08:16.9386456Z GONOSUMDB=""
2021-07-23T01:08:16.9386957Z GOOS="linux"
2021-07-23T01:08:16.9387677Z GOPATH="/home/runner/go"
2021-07-23T01:08:16.9388403Z GOPRIVATE=""
2021-07-23T01:08:16.9389424Z GOPROXY="https://proxy.golang.org,direct"
2021-07-23T01:08:16.9390358Z GOROOT="/opt/hostedtoolcache/go/1.16.6/x64"
2021-07-23T01:08:16.9391401Z GOSUMDB="sum.golang.org"
2021-07-23T01:08:16.9391968Z GOTMPDIR=""
2021-07-23T01:08:16.9392885Z GOTOOLDIR="/opt/hostedtoolcache/go/1.16.6/x64/pkg/tool/linux_amd64"
2021-07-23T01:08:16.9393599Z GOVCS=""
2021-07-23T01:08:16.9394136Z GOVERSION="go1.16.6"
2021-07-23T01:08:16.9394695Z GCCGO="gccgo"
2021-07-23T01:08:16.9395184Z AR="ar"
2021-07-23T01:08:16.9395660Z CC="gcc"
2021-07-23T01:08:16.9396839Z CXX="g++"
2021-07-23T01:08:16.9397517Z CGO_ENABLED="1"
2021-07-23T01:08:16.9398220Z GOMOD="/dev/null"
2021-07-23T01:08:16.9399047Z CGO_CFLAGS="-g -O2"
2021-07-23T01:08:16.9399650Z CGO_CPPFLAGS=""
2021-07-23T01:08:16.9400382Z CGO_CXXFLAGS="-g -O2"
2021-07-23T01:08:16.9401149Z CGO_FFLAGS="-g -O2"
2021-07-23T01:08:16.9402286Z CGO_LDFLAGS="-g -O2"
2021-07-23T01:08:16.9403223Z PKG_CONFIG="pkg-config"
2021-07-23T01:08:16.9404733Z GOGCCFLAGS="-fPIC -m64 -pthread -fmessage-length=0 -fdebug-prefix-map=/tmp/go-build3210582242=/tmp/go-build -gno-record-gcc-switches"
2021-07-23T01:08:16.9405788Z 
2021-07-23T01:08:16.9406436Z ##[endgroup]
2021-07-23T01:08:16.9543206Z ##[group]Run actions/checkout@v2
2021-07-23T01:08:16.9543691Z with:
2021-07-23T01:08:16.9544118Z   repository: mrjosh/fortress
2021-07-23T01:08:16.9545002Z   token: ***
2021-07-23T01:08:16.9545396Z   ssh-strict: true
2021-07-23T01:08:16.9545886Z   persist-credentials: true
2021-07-23T01:08:16.9546365Z   clean: true
2021-07-23T01:08:16.9546740Z   fetch-depth: 1
2021-07-23T01:08:16.9547122Z   lfs: false
2021-07-23T01:08:16.9547491Z   submodules: false
2021-07-23T01:08:16.9547861Z env:
2021-07-23T01:08:16.9548307Z   GOROOT: /opt/hostedtoolcache/go/1.16.6/x64
2021-07-23T01:08:16.9548794Z ##[endgroup]
2021-07-23T01:08:17.5054978Z Syncing repository: mrjosh/fortress
2021-07-23T01:08:17.5056030Z ##[group]Getting Git version info
2021-07-23T01:08:17.5057314Z Working directory is '/home/runner/work/fortress/fortress'
2021-07-23T01:08:17.5058353Z [command]/usr/bin/git version
2021-07-23T01:08:17.5059217Z git version 2.32.0
2021-07-23T01:08:17.5060782Z ##[endgroup]
2021-07-23T01:08:17.5062111Z Deleting the contents of '/home/runner/work/fortress/fortress'
2021-07-23T01:08:17.5063991Z ##[group]Initializing the repository
2021-07-23T01:08:17.5064721Z [command]/usr/bin/git init /home/runner/work/fortress/fortress
2021-07-23T01:08:17.5065812Z hint: Using 'master' as the name for the initial branch. This default branch name
2021-07-23T01:08:17.5067039Z hint: is subject to change. To configure the initial branch name to use in all
2021-07-23T01:08:17.5067917Z hint: of your new repositories, which will suppress this warning, call:
2021-07-23T01:08:17.5068547Z hint: 
2021-07-23T01:08:17.5069297Z hint: 	git config --global init.defaultBranch <name>
2021-07-23T01:08:17.5069905Z hint: 
2021-07-23T01:08:17.5070665Z hint: Names commonly chosen instead of 'master' are 'main', 'trunk' and
2021-07-23T01:08:17.5071742Z hint: 'development'. The just-created branch can be renamed via this command:
2021-07-23T01:08:17.5072402Z hint: 
2021-07-23T01:08:17.5072960Z hint: 	git branch -m <name>
2021-07-23T01:08:17.5073715Z Initialized empty Git repository in /home/runner/work/fortress/fortress/.git/
2021-07-23T01:08:17.5074686Z [command]/usr/bin/git remote add origin https://github.com/mrjosh/fortress
2021-07-23T01:08:17.5076046Z ##[endgroup]
2021-07-23T01:08:17.5076544Z ##[group]Disabling automatic garbage collection
2021-07-23T01:08:17.5083168Z [command]/usr/bin/git config --local gc.auto 0
2021-07-23T01:08:17.5083839Z ##[endgroup]
2021-07-23T01:08:17.5085545Z ##[group]Setting up auth
2021-07-23T01:08:17.5086574Z [command]/usr/bin/git config --local --name-only --get-regexp core\.sshCommand
2021-07-23T01:08:17.5088154Z [command]/usr/bin/git submodule foreach --recursive git config --local --name-only --get-regexp 'core\.sshCommand' && git config --local --unset-all 'core.sshCommand' || :
2021-07-23T01:08:17.5090047Z [command]/usr/bin/git config --local --name-only --get-regexp http\.https\:\/\/github\.com\/\.extraheader
2021-07-23T01:08:17.5094506Z [command]/usr/bin/git submodule foreach --recursive git config --local --name-only --get-regexp 'http\.https\:\/\/github\.com\/\.extraheader' && git config --local --unset-all 'http.https://github.com/.extraheader' || :
2021-07-23T01:08:17.5096363Z [command]/usr/bin/git config --local http.https://github.com/.extraheader AUTHORIZATION: basic ***
2021-07-23T01:08:17.5097370Z ##[endgroup]
2021-07-23T01:08:17.5097816Z ##[group]Fetching the repository
2021-07-23T01:08:17.5099321Z [command]/usr/bin/git -c protocol.version=2 fetch --no-tags --prune --progress --no-recurse-submodules --depth=1 origin +5f1df70c462d8ecd161e6663b9dc227f554cb4f9:refs/remotes/origin/develop
2021-07-23T01:08:17.5707569Z remote: Enumerating objects: 27, done.        
2021-07-23T01:08:17.5708545Z remote: Counting objects:   3% (1/27)        
2021-07-23T01:08:17.5709059Z remote: Counting objects:   7% (2/27)        
2021-07-23T01:08:17.5709566Z remote: Counting objects:  11% (3/27)        
2021-07-23T01:08:17.5710051Z remote: Counting objects:  14% (4/27)        
2021-07-23T01:08:17.5710962Z remote: Counting objects:  18% (5/27)        
2021-07-23T01:08:17.5715006Z remote: Counting objects:  22% (6/27)        
2021-07-23T01:08:17.5718341Z remote: Counting objects:  25% (7/27)        
2021-07-23T01:08:17.5718861Z remote: Counting objects:  29% (8/27)        
2021-07-23T01:08:17.5719342Z remote: Counting objects:  33% (9/27)        
2021-07-23T01:08:17.5719846Z remote: Counting objects:  37% (10/27)        
2021-07-23T01:08:17.5720328Z remote: Counting objects:  40% (11/27)        
2021-07-23T01:08:17.5721161Z remote: Counting objects:  44% (12/27)        
2021-07-23T01:08:17.5721639Z remote: Counting objects:  48% (13/27)        
2021-07-23T01:08:17.5722324Z remote: Counting objects:  51% (14/27)        
2021-07-23T01:08:17.5723030Z remote: Counting objects:  55% (15/27)        
2021-07-23T01:08:17.5723980Z remote: Counting objects:  59% (16/27)        
2021-07-23T01:08:17.5724699Z remote: Counting objects:  62% (17/27)        
2021-07-23T01:08:17.5725597Z remote: Counting objects:  66% (18/27)        
2021-07-23T01:08:17.5726172Z remote: Counting objects:  70% (19/27)        
2021-07-23T01:08:17.5726727Z remote: Counting objects:  74% (20/27)        
2021-07-23T01:08:17.5727289Z remote: Counting objects:  77% (21/27)        
2021-07-23T01:08:17.5727844Z remote: Counting objects:  81% (22/27)        
2021-07-23T01:08:17.5728416Z remote: Counting objects:  85% (23/27)        
2021-07-23T01:08:17.5728968Z remote: Counting objects:  88% (24/27)        
2021-07-23T01:08:17.5729809Z remote: Counting objects:  92% (25/27)        
2021-07-23T01:08:17.5730812Z remote: Counting objects:  96% (26/27)        
2021-07-23T01:08:17.5731518Z remote: Counting objects: 100% (27/27)        
2021-07-23T01:08:17.5732494Z remote: Counting objects: 100% (27/27), done.        
2021-07-23T01:08:17.5733414Z remote: Compressing objects:   4% (1/23)        
2021-07-23T01:08:17.5734167Z remote: Compressing objects:   8% (2/23)        
2021-07-23T01:08:17.5734927Z remote: Compressing objects:  13% (3/23)        
2021-07-23T01:08:17.5735803Z remote: Compressing objects:  17% (4/23)        
2021-07-23T01:08:17.5736409Z remote: Compressing objects:  21% (5/23)        
2021-07-23T01:08:17.5737027Z remote: Compressing objects:  26% (6/23)        
2021-07-23T01:08:17.5737645Z remote: Compressing objects:  30% (7/23)        
2021-07-23T01:08:17.5738246Z remote: Compressing objects:  34% (8/23)        
2021-07-23T01:08:17.5738860Z remote: Compressing objects:  39% (9/23)        
2021-07-23T01:08:17.5739464Z remote: Compressing objects:  43% (10/23)        
2021-07-23T01:08:17.5740085Z remote: Compressing objects:  47% (11/23)        
2021-07-23T01:08:17.5888869Z remote: Compressing objects:  52% (12/23)        
2021-07-23T01:08:17.5890900Z remote: Compressing objects:  56% (13/23)        
2021-07-23T01:08:17.5891691Z remote: Compressing objects:  60% (14/23)        
2021-07-23T01:08:17.5893165Z remote: Compressing objects:  65% (15/23)        
2021-07-23T01:08:17.5894082Z remote: Compressing objects:  69% (16/23)        
2021-07-23T01:08:17.5894899Z remote: Compressing objects:  73% (17/23)        
2021-07-23T01:08:17.5895647Z remote: Compressing objects:  78% (18/23)        
2021-07-23T01:08:17.5896551Z remote: Compressing objects:  82% (19/23)        
2021-07-23T01:08:17.5897527Z remote: Compressing objects:  86% (20/23)        
2021-07-23T01:08:17.5898066Z remote: Compressing objects:  91% (21/23)        
2021-07-23T01:08:17.5898777Z remote: Compressing objects:  95% (22/23)        
2021-07-23T01:08:17.5899316Z remote: Compressing objects: 100% (23/23)        
2021-07-23T01:08:17.5899862Z remote: Compressing objects: 100% (23/23), done.        
2021-07-23T01:08:17.7247814Z remote: Total 27 (delta 1), reused 11 (delta 0), pack-reused 0        
2021-07-23T01:08:17.7489434Z From https://github.com/mrjosh/fortress
2021-07-23T01:08:17.7491752Z  * [new ref]         5f1df70c462d8ecd161e6663b9dc227f554cb4f9 -> origin/develop
2021-07-23T01:08:17.7509545Z ##[endgroup]
2021-07-23T01:08:17.7511730Z ##[group]Determining the checkout info
2021-07-23T01:08:17.7515317Z ##[endgroup]
2021-07-23T01:08:17.7517963Z ##[group]Checking out the ref
2021-07-23T01:08:17.7521349Z [command]/usr/bin/git checkout --progress --force -B develop refs/remotes/origin/develop
2021-07-23T01:08:17.7605447Z Switched to a new branch 'develop'
2021-07-23T01:08:17.7608430Z Branch 'develop' set up to track remote branch 'develop' from 'origin'.
2021-07-23T01:08:17.7612189Z ##[endgroup]
2021-07-23T01:08:17.7656670Z [command]/usr/bin/git log -1 --format='%H'
2021-07-23T01:08:17.7685074Z '5f1df70c462d8ecd161e6663b9dc227f554cb4f9'
2021-07-23T01:08:17.7838242Z ##[group]Run go mod tidy
2021-07-23T01:08:17.7838802Z [36;1mgo mod tidy[0m
2021-07-23T01:08:17.7883616Z shell: /usr/bin/bash -e {0}
2021-07-23T01:08:17.7884092Z env:
2021-07-23T01:08:17.7884598Z   GOROOT: /opt/hostedtoolcache/go/1.16.6/x64
2021-07-23T01:08:17.7885141Z ##[endgroup]
2021-07-23T01:08:18.8075860Z go: downloading github.com/briandowns/spinner v1.16.0
2021-07-23T01:08:18.8111341Z go: downloading github.com/fatih/color v1.12.0
2021-07-23T01:08:18.8691800Z go: downloading github.com/spf13/cobra v1.2.1
2021-07-23T01:08:18.9274640Z go: downloading gopkg.in/yaml.v3 v3.0.0-20210107192922-496545a6307b
2021-07-23T01:08:18.9585310Z go: downloading github.com/google/go-github/v37 v37.0.0
2021-07-23T01:08:19.0038965Z go: downloading github.com/pterm/pterm v0.12.29
2021-07-23T01:08:19.0669167Z go: downloading github.com/xanzy/go-gitlab v0.50.1
2021-07-23T01:08:19.1241523Z go: downloading github.com/stretchr/testify v1.7.0
2021-07-23T01:08:19.1879270Z go: downloading github.com/mattn/go-colorable v0.1.8
2021-07-23T01:08:19.1886736Z go: downloading github.com/mattn/go-isatty v0.0.12
2021-07-23T01:08:19.2340605Z go: downloading github.com/inconshreveable/mousetrap v1.0.0
2021-07-23T01:08:19.2459720Z go: downloading github.com/spf13/pflag v1.0.5
2021-07-23T01:08:19.2961063Z go: downloading gopkg.in/check.v1 v1.0.0-20180628173108-788fd7840127
2021-07-23T01:08:19.3488037Z go: downloading github.com/atomicgo/cursor v0.0.1
2021-07-23T01:08:19.3513212Z go: downloading github.com/gookit/color v1.4.2
2021-07-23T01:08:19.3639260Z go: downloading github.com/mattn/go-runewidth v0.0.13
2021-07-23T01:08:19.3724310Z go: downloading golang.org/x/term v0.0.0-20210615171337-6886f2dfbf5b
2021-07-23T01:08:19.3795644Z go: downloading github.com/MarvinJWendt/testza v0.1.0
2021-07-23T01:08:19.3997629Z go: downloading github.com/google/go-querystring v1.0.0
2021-07-23T01:08:19.4001369Z go: downloading golang.org/x/crypto v0.0.0-20200622213623-75b288015ac9
2021-07-23T01:08:19.4408230Z go: downloading github.com/google/go-cmp v0.5.6
2021-07-23T01:08:19.4750404Z go: downloading github.com/hashicorp/go-cleanhttp v0.5.1
2021-07-23T01:08:19.4903969Z go: downloading github.com/hashicorp/go-retryablehttp v0.6.8
2021-07-23T01:08:19.5066441Z go: downloading golang.org/x/oauth2 v0.0.0-20210402161424-2e8d93401602
2021-07-23T01:08:19.5518698Z go: downloading golang.org/x/time v0.0.0-20191024005414-555d28b269f0
2021-07-23T01:08:19.5729758Z go: downloading github.com/davecgh/go-spew v1.1.1
2021-07-23T01:08:19.5831895Z go: downloading github.com/pmezard/go-difflib v1.0.0
2021-07-23T01:08:19.6022026Z go: downloading golang.org/x/sys v0.0.0-20210615035016-665e8c7367d1
2021-07-23T01:08:19.6095936Z go: downloading github.com/kr/pretty v0.1.0
2021-07-23T01:08:19.6572152Z go: downloading github.com/xo/terminfo v0.0.0-20210125001918-ca9a967f8778
2021-07-23T01:08:19.8037258Z go: downloading github.com/rivo/uniseg v0.2.0
2021-07-23T01:08:19.8342216Z go: downloading github.com/hashicorp/go-hclog v0.9.2
2021-07-23T01:08:19.8521281Z go: downloading github.com/kr/text v0.1.0
2021-07-23T01:08:19.8773723Z go: downloading golang.org/x/net v0.0.0-20210405180319-a5a99cb37ef4
2021-07-23T01:08:19.8775442Z go: downloading google.golang.org/appengine v1.6.7
2021-07-23T01:08:19.9762581Z go: downloading github.com/golang/protobuf v1.5.2
2021-07-23T01:08:20.0849463Z go: downloading google.golang.org/protobuf v1.26.0
2021-07-23T01:08:20.3002126Z go: downloading golang.org/x/xerrors v0.0.0-20200804184101-5ec99f83aff1
2021-07-23T01:08:20.3554478Z ##[group]Run make build-artifacts
2021-07-23T01:08:20.3555095Z [36;1mmake build-artifacts[0m
2021-07-23T01:08:20.3555727Z [36;1mprintf '::set-output name=version::%s\n' "$(./dist/fortress_linux_amd64 version | head -n 3)"[0m
2021-07-23T01:08:20.3556507Z [36;1mprintf '::set-output name=release::%s\n' "$(./dist/fortress_linux_amd64 version | head -n 1)"[0m
2021-07-23T01:08:20.3596352Z shell: /usr/bin/bash -e {0}
2021-07-23T01:08:20.3596678Z env:
2021-07-23T01:08:20.3597091Z   GOROOT: /opt/hostedtoolcache/go/1.16.6/x64
2021-07-23T01:08:20.3597502Z ##[endgroup]
2021-07-23T01:08:20.3735951Z make[1]: Entering directory '/home/runner/work/fortress/fortress'
2021-07-23T01:08:20.4903191Z go: downloading github.com/mitchellh/gox v1.0.1
2021-07-23T01:08:20.7511286Z go: downloading github.com/hashicorp/go-version v1.0.0
2021-07-23T01:08:20.7522167Z go: downloading github.com/mitchellh/iochan v1.0.0
2021-07-23T01:08:21.1474633Z github.com/mitchellh/iochan
2021-07-23T01:08:21.1547317Z github.com/hashicorp/go-version
2021-07-23T01:08:21.2165756Z github.com/mitchellh/gox
2021-07-23T01:08:21.6385395Z go get: upgraded github.com/mitchellh/gox v0.4.0 => v1.0.1
2021-07-23T01:08:22.2177684Z Number of parallel builds: 1
2021-07-23T01:08:22.2179015Z 
2021-07-23T01:08:22.2180625Z -->     linux/amd64: github.com/mrjosh/fortress
2021-07-23T01:08:29.8788213Z make[1]: Leaving directory '/home/runner/work/fortress/fortress'
2021-07-23T01:08:29.8808495Z make[1]: Entering directory '/home/runner/work/fortress/fortress'
2021-07-23T01:08:31.0543098Z Number of parallel builds: 1
2021-07-23T01:08:31.0543754Z 
2021-07-23T01:08:31.0545239Z -->   windows/amd64: github.com/mrjosh/fortress
2021-07-23T01:08:51.6023740Z make[1]: Leaving directory '/home/runner/work/fortress/fortress'
2021-07-23T01:08:51.6042867Z make[1]: Entering directory '/home/runner/work/fortress/fortress'
2021-07-23T01:08:52.3140700Z Number of parallel builds: 1
2021-07-23T01:08:52.3142470Z 
2021-07-23T01:08:52.3144079Z -->    darwin/amd64: github.com/mrjosh/fortress
2021-07-23T01:09:10.9898572Z make[1]: Leaving directory '/home/runner/work/fortress/fortress'
2021-07-23T01:09:10.9990436Z Build type: Release
2021-07-23T01:09:10.9990934Z Go version: go1.16.6
2021-07-23T01:09:11.0077452Z ##[group]Run actions/upload-artifact@v2
2021-07-23T01:09:11.0077916Z with:
2021-07-23T01:09:11.0078290Z   name: fortress_darwin_amd64
2021-07-23T01:09:11.0078736Z   path: ./dist/fortress_darwin_amd64
2021-07-23T01:09:11.0079189Z   retention-days: 1
2021-07-23T01:09:11.0079641Z   if-no-files-found: warn
2021-07-23T01:09:11.0080016Z env:
2021-07-23T01:09:11.0080442Z   GOROOT: /opt/hostedtoolcache/go/1.16.6/x64
2021-07-23T01:09:11.0080882Z ##[endgroup]
2021-07-23T01:09:11.0751440Z With the provided path, there will be 1 file uploaded
2021-07-23T01:09:12.3713749Z Total size of all the files uploaded is 5302694 bytes
2021-07-23T01:09:12.4360119Z Finished uploading artifact fortress_darwin_amd64. Reported size is 5302694 bytes. There were 0 items that failed to upload
2021-07-23T01:09:12.4361424Z Artifact fortress_darwin_amd64 has been successfully uploaded!
2021-07-23T01:09:12.4527425Z ##[group]Run actions/upload-artifact@v2
2021-07-23T01:09:12.4528000Z with:
2021-07-23T01:09:12.4528453Z   name: fortress_linux_amd64
2021-07-23T01:09:12.4529008Z   path: ./dist/fortress_linux_amd64
2021-07-23T01:09:12.4529808Z   retention-days: 1
2021-07-23T01:09:12.4530271Z   if-no-files-found: warn
2021-07-23T01:09:12.4530658Z env:
2021-07-23T01:09:12.4531111Z   GOROOT: /opt/hostedtoolcache/go/1.16.6/x64
2021-07-23T01:09:12.4531756Z ##[endgroup]
2021-07-23T01:09:12.5575777Z With the provided path, there will be 1 file uploaded
2021-07-23T01:09:13.9812203Z Total size of all the files uploaded is 5441809 bytes
2021-07-23T01:09:14.0394612Z Finished uploading artifact fortress_linux_amd64. Reported size is 5441809 bytes. There were 0 items that failed to upload
2021-07-23T01:09:14.0397684Z Artifact fortress_linux_amd64 has been successfully uploaded!
2021-07-23T01:09:14.0574945Z ##[group]Run actions/upload-artifact@v2
2021-07-23T01:09:14.0575497Z with:
2021-07-23T01:09:14.0575940Z   name: fortress_windows_amd64
2021-07-23T01:09:14.0576514Z   path: ./dist/fortress_windows_amd64.exe
2021-07-23T01:09:14.0577054Z   retention-days: 1
2021-07-23T01:09:14.0577586Z   if-no-files-found: warn
2021-07-23T01:09:14.0578039Z env:
2021-07-23T01:09:14.0578549Z   GOROOT: /opt/hostedtoolcache/go/1.16.6/x64
2021-07-23T01:09:14.0579061Z ##[endgroup]
2021-07-23T01:09:14.1281111Z With the provided path, there will be 1 file uploaded
2021-07-23T01:09:15.4229147Z Total size of all the files uploaded is 5583370 bytes
2021-07-23T01:09:15.4910876Z Finished uploading artifact fortress_windows_amd64. Reported size is 5583370 bytes. There were 0 items that failed to upload
2021-07-23T01:09:15.4913881Z Artifact fortress_windows_amd64 has been successfully uploaded!
2021-07-23T01:09:15.5078270Z Post job cleanup.
2021-07-23T01:09:15.6264826Z [command]/usr/bin/git version
2021-07-23T01:09:15.6319171Z git version 2.32.0
2021-07-23T01:09:15.6368482Z [command]/usr/bin/git config --local --name-only --get-regexp core\.sshCommand
2021-07-23T01:09:15.6408703Z [command]/usr/bin/git submodule foreach --recursive git config --local --name-only --get-regexp 'core\.sshCommand' && git config --local --unset-all 'core.sshCommand' || :
2021-07-23T01:09:15.6665193Z [command]/usr/bin/git config --local --name-only --get-regexp http\.https\:\/\/github\.com\/\.extraheader
2021-07-23T01:09:15.6698182Z http.https://github.com/.extraheader
2021-07-23T01:09:15.6700552Z [command]/usr/bin/git config --local --unset-all http.https://github.com/.extraheader
2021-07-23T01:09:15.6728993Z [command]/usr/bin/git submodule foreach --recursive git config --local --name-only --get-regexp 'http\.https\:\/\/github\.com\/\.extraheader' && git config --local --unset-all 'http.https://github.com/.extraheader' || :
2021-07-23T01:09:15.7092307Z Evaluate and set job outputs
2021-07-23T01:09:15.7111365Z Set output 'version'
2021-07-23T01:09:15.7114259Z Set output 'release'
2021-07-23T01:09:15.7115354Z Cleaning up orphan processes
